#include "types/JsAny.hpp"
#include "global/global.hpp"
#include "types/objects/Types.hpp"

int main() {JS::Any a=JS::Any(true)&&JS::Any(false);JS::Any b=JS::Any(true)||JS::Any(false);JS::Any c=!a;console["log"](a,b,c);}
