#include "types/JsAny.hpp"
#include "global/global.hpp"
#include "types/objects/Types.hpp"
#include "customOperators/CustomOperators.hpp"

int main() {
    JS::Any f;
    f = JS::Any(u"world");
    return 0;
}
