#include "types/JsAny.hpp"
#include "global/global.hpp"
#include "types/objects/Types.hpp"

int main() {JS::Any c=JS::Any("/* not a real comment */");}
