#include "types/JsAny.hpp"
#include "global/global.hpp"
#include "types/objects/Types.hpp"
#include "customOperators/CustomOperators.hpp"

int main() {JS::Any a, b, c;a=JS::Any(u"hello");b=JS::Any(u"world");c=JS::Any(u"escape \\"quotes\\"");}
