#include "types/JsAny.hpp"
#include "global/global.hpp"
#include "types/objects/Types.hpp"
#include "customOperators/CustomOperators.hpp"

int main() {
    JS::Any str;
    str = JS::Any(u"Hello World");
    return 0;
}
