#include "types/JsAny.hpp"
#include "class/Console.hpp"

int main() {console::log(JS::Any("Hello World!"));}
