#include "types/JsAny.hpp"
#include "global/global.hpp"
#include "types/objects/Types.hpp"
#include "customOperators/CustomOperators.hpp"

int main() {
test:
        console[u"log"](JS::Any(u"single statement"));
    return 0;
}
