#include "types/JsAny.hpp"
#include "global/global.hpp"
#include "types/objects/Types.hpp"
#include "customOperators/CustomOperators.hpp"

int main() {
loop:
    while (JS::Any(true)) 
    {
        console[u"log"](JS::Any(u"loop"));
        break /* label: ; JS_CMP does not support labeled break for now */;
    }
    return 0;
}
