#include "types/JsAny.hpp"
#include "class/Console.hpp"
#include "types/objects/Types.hpp"

int main() {for (JS::Any i=JS::Any(0);i<JS::Any(3);i++){for (JS::Any j=JS::Any(0);j<JS::Any(3);j++){console::log(i,j);};};}
