#include "types/JsAny.hpp"
#include "class/Console.hpp"
#include "types/objects/Types.hpp"

int main() {for (JS::Any i=JS::Any(0);i<JS::Any(10);i++){if (i==JS::Any(5))break;console::log(i);};}
