#include "types/JsAny.hpp"
#include "global/global.hpp"
#include "types/objects/Types.hpp"
#include "customOperators/CustomOperators.hpp"

int main() {JS::Any x, MyNS;x=JS::Any("component");MyNS=JS::Any(std::make_shared<JS::Object>());MyNS["Widget"]=JS::Any(std::make_shared<JS::Function>([&](const JS::Any &thisArg, const JS::Any &arguments) -> JS::Any {thisArg["init"]=JS::Any(std::make_shared<JS::Function>([&](const JS::Any &thisArg, const JS::Any &arguments) -> JS::Any {JS::Any x = arguments["0"];thisArg["x"]=x;return thisArg;return JS::Any();}));thisArg["render"]=JS::Any(std::make_shared<JS::Function>([&](const JS::Any &thisArg, const JS::Any &arguments) -> JS::Any {return JS::Any("Rendered ")+thisArg["x"];return JS::Any();}));return thisArg;return JS::Any();}));console["log"](NEW(MyNS["Widget"])["init"](x)["render"]());}
