#include "types/JsAny.hpp"
#include "global/global.hpp"
#include "types/objects/Types.hpp"
#include "customOperators/CustomOperators.hpp"

int main() {JS::Any Factory;Factory = JS::Any(std::make_shared<JS::Function>([&](const JS::Any &thisArg, const JS::Any &arguments) -> JS::Any {return JS::Any(std::make_shared<JS::Function>([&](const JS::Any &thisArg, const JS::Any &arguments) -> JS::Any {thisArg[u"value"]=JS::Any(123);return JS::Any();}));return JS::Any();}));console[u"log"](NEW((Factory())));}
