#include "types/JsAny.hpp"
#include "global/global.hpp"
#include "types/objects/Types.hpp"
#include "customOperators/CustomOperators.hpp"

int main() {JS::Any Greeter;Greeter = JS::Any(std::make_shared<JS::Function>([&](const JS::Any &thisArg, const JS::Any &arguments) -> JS::Any {JS::Any name = arguments["0"];thisArg[u"greet"]=JS::Any(std::make_shared<JS::Function>([&](const JS::Any &thisArg, const JS::Any &arguments) -> JS::Any {return JS::Any(u"Hello");return JS::Any();}));return JS::Any();}));console[u"log"](NEW(Greeter,JS::Any(u"World"))[u"greet"]());}
