#include "types/JsAny.hpp"
#include "global/global.hpp"
#include "types/objects/Types.hpp"
#include "customOperators/CustomOperators.hpp"

int main() {try {console[u"log"](JS::Any(u"In try block"));}catch (JS::Any& e) {console[u"log"](JS::Any(u"In catch block"));};}
