#include "types/JsAny.hpp"
#include "global/global.hpp"
#include "types/objects/Types.hpp"
#include "customOperators/CustomOperators.hpp"

int main() {if (JS::Any(true)){console["log"](JS::Any("This should always run"));};if (JS::Any(false)){console["log"](JS::Any("This should never run"));};}
