#include "types/JsAny.hpp"
#include "global/global.hpp"
#include "types/objects/Types.hpp"
#include "customOperators/CustomOperators.hpp"

int main() {if (JS::Any(false)){console[u"log"](JS::Any(u"False block"));}else {console[u"log"](JS::Any(u"Else block should run"));};}
