#include "types/JsAny.hpp"
#include "global/global.hpp"
#include "types/objects/Types.hpp"
#include "customOperators/CustomOperators.hpp"

int main() {
    if (JS::Any(true) && JS::Any(false)) 
    {
        console[u"log"](JS::Any(u"Should not run"));
    } else if (JS::Any(true) || JS::Any(false)) 
    {
        console[u"log"](JS::Any(u"Should run"));
    }
    return 0;
}
