#include "types/JsAny.hpp"
#include "global/global.hpp"
#include "types/objects/Types.hpp"
#include "customOperators/CustomOperators.hpp"

int main() {JS::Any person;person=JS::Any(std::make_shared<JS::Object>(std::unordered_map<std::u16string, JS::Any>{{u"firstName", JS::Any("John")},{u"lastName", JS::Any("Doe")},{u"age", JS::Any(30)},{u"address", JS::Any(std::make_shared<JS::Object>(std::unordered_map<std::u16string, JS::Any>{{u"street", JS::Any("123 Main St")},{u"city", JS::Any("Anytown")},{u"state", JS::Any("CA")},{u"zipCode", JS::Any("12345")}}))},{u"contactInfo", JS::Any(std::make_shared<JS::Object>(std::unordered_map<std::u16string, JS::Any>{{u"email", JS::Any("john.doe@example.com")},{u"phone", JS::Any("555-123-4567")}}))},{u"isEmployed", JS::Any(true)},{u"job", JS::Any(std::make_shared<JS::Object>(std::unordered_map<std::u16string, JS::Any>{{u"title", JS::Any("Software Engineer")},{u"company", JS::Any("TechCorp")},{u"location", JS::Any(std::make_shared<JS::Object>(std::unordered_map<std::u16string, JS::Any>{{u"city", JS::Any("Silicon Valley")},{u"state", JS::Any("CA")}}))}}))},{u"socialMedia", JS::Any(std::make_shared<JS::Object>(std::unordered_map<std::u16string, JS::Any>{{u"twitter", JS::Any("@johndoe")},{u"linkedin", JS::Any("linkedin.com/in/johndoe")}}))}}));}
