#include "types/JsAny.hpp"
#include "global/global.hpp"
#include "types/objects/Types.hpp"

int main() {JS::Any a=JS::Any("Hello");JS::Any array=JS::Any(JS::Array({a}));}
