#include "types/JsAny.hpp"
#include "global/global.hpp"
#include "types/objects/Types.hpp"
#include "customOperators/CustomOperators.hpp"

int main() {JS::Any array, b;array=JS::Any(JS::Array({JS::Any(1), JS::Any(2), JS::Any(3)}));b=JS::Any(JS::Array({JS::Any(1)}));array[JS::Any(1)]=JS::Any(4);array[b[JS::Any(0)]]=JS::Any(5);((array))[JS::Any(2)]=JS::Any(6);}
