#include "types/JsAny.hpp"
#include "global/global.hpp"
#include "types/objects/Types.hpp"
#include "customOperators/CustomOperators.hpp"

int main() {JS::Any i;i=JS::Any(0);while (i<JS::Any(3)){JS::Any j;j=JS::Any(0);while (j<JS::Any(2)){j++;};i++;};}
