#include "types/JsAny.hpp"
#include "global/global.hpp"
#include "types/objects/Types.hpp"

int main() {do {console["log"](JS::Any("Hello"));}while (JS::Any(false));}
