// not handle by the lexer for now
#include <iostream>
int main() {std::cerr << "somethings was not handle" << std::endl; return 0;}